// Jest Snapshot v1, https://goo.gl/fbAQLP

exports[`Pruebas en CounterApp3 Debe hacer match con el snapshot. 1`] = `
<div>
  <h1>
    CounterApp 3
  </h1>
  <p>
     
    10
     
  </p>
  <button>
    +1
  </button>
  <button>
    -1
  </button>
  <button
    aria-label="btn-reset"
  >
    Reset
  </button>
</div>
`;
