// Jest Snapshot v1, https://goo.gl/fbAQLP

exports[`Pruebas FirstApp2 Component Debe hacer match con el snapshot 1`] = `
<div>
  <h1
    data-testid="test-title"
  >
    Titulo
  </h1>
  <h2>
    SubTÃ­tulo
  </h2>
</div>
`;
